env: load .env.development .env
env: export API_URL API_BASE_URL ENVIRONMENT STORAGE_PREFIX APP_ENV FEATURE_FLAGS DEBUG_MODE OPENAI_API_KEY ANALYTICS_KEY ANOTHER_VARIABLE
- Installing CocoaPods...
